#
# There is insufficient memory for the Java Runtime Environment to continue.
# Native memory allocation (malloc) failed to allocate 813056 bytes. Error detail: Chunk::new
# Possible reasons:
#   The system is out of physical RAM or swap space
#   This process is running with CompressedOops enabled, and the Java Heap may be blocking the growth of the native heap
# Possible solutions:
#   Reduce memory load on the system
#   Increase physical memory or swap space
#   Check if swap backing store is full
#   Decrease Java heap size (-Xmx/-Xms)
#   Decrease number of Java threads
#   Decrease Java thread stack sizes (-Xss)
#   Set larger code cache with -XX:ReservedCodeCacheSize=
#   JVM is running with Unscaled Compressed Oops mode in which the Java heap is
#     placed in the first 4GB address space. The Java Heap base address is the
#     maximum limit for the native heap growth. Please use -XX:HeapBaseMinAddress
#     to set the Java Heap base and to place the Java Heap above 4GB virtual address.
# This output file may be truncated or incomplete.
#
#  Out of Memory Error (arena.cpp:168), pid=1096, tid=6836
#
# JRE version: OpenJDK Runtime Environment Temurin-21.0.9+10 (21.0.9+10) (build 21.0.9+10-LTS)
# Java VM: OpenJDK 64-Bit Server VM Temurin-21.0.9+10 (21.0.9+10-LTS, mixed mode, sharing, tiered, compressed oops, compressed class ptrs, parallel gc, windows-amd64)
# No core dump will be written. Minidumps are not enabled by default on client versions of Windows
#

---------------  S U M M A R Y ------------

Command Line: --add-modules=ALL-SYSTEM --add-opens=java.base/java.util=ALL-UNNAMED --add-opens=java.base/java.lang=ALL-UNNAMED --add-opens=java.base/sun.nio.fs=ALL-UNNAMED -Declipse.application=org.eclipse.jdt.ls.core.id1 -Dosgi.bundles.defaultStartLevel=4 -Declipse.product=org.eclipse.jdt.ls.core.product -Djava.import.generatesMetadataFilesAtProjectRoot=false -DDetectVMInstallationsJob.disabled=true -Dfile.encoding=utf8 -XX:+UseParallelGC -XX:GCTimeRatio=4 -XX:AdaptiveSizePolicyWeight=90 -Dsun.zip.disableMemoryMapping=true -Xmx2G -Xms100m -Xlog:disable -javaagent:c:\Users\huynh\.antigravity\extensions\redhat.java-1.49.0-win32-x64\lombok\lombok-1.18.39-4050.jar -XX:+HeapDumpOnOutOfMemoryError -XX:HeapDumpPath=c:\Users\huynh\AppData\Roaming\Antigravity\User\workspaceStorage\73b60d98252cc9e3b06d9c2d64267252\redhat.java -Daether.dependencyCollector.impl=bf c:\Users\huynh\.antigravity\extensions\redhat.java-1.49.0-win32-x64\server\plugins\org.eclipse.equinox.launcher_1.7.100.v20251111-0406.jar -configuration c:\Users\huynh\AppData\Roaming\Antigravity\User\globalStorage\redhat.java\1.49.0\config_win -data c:\Users\huynh\AppData\Roaming\Antigravity\User\workspaceStorage\73b60d98252cc9e3b06d9c2d64267252\redhat.java\jdt_ws --pipe=\\.\pipe\lsp-617d9fc4c4ed88bb4499a0c2f547c056-sock

Host: Intel(R) Core(TM) i5-10300H CPU @ 2.50GHz, 8 cores, 15G,  Windows 11 , 64 bit Build 26100 (10.0.26100.7019)
Time: Fri Nov 28 09:37:31 2025 SE Asia Standard Time elapsed time: 36.073718 seconds (0d 0h 0m 36s)

---------------  T H R E A D  ---------------

Current thread (0x0000020279d001f0):  JavaThread "C2 CompilerThread2" daemon [_thread_in_native, id=6836, stack(0x0000000a4c700000,0x0000000a4c800000) (1024K)]


Current CompileTask:
C2:36073 4979   !   4       org.eclipse.osgi.internal.loader.classpath.ClasspathManager::defineClass (636 bytes)

Stack: [0x0000000a4c700000,0x0000000a4c800000]
Native frames: (J=compiled Java code, j=interpreted, Vv=VM code, C=native code)
V  [jvm.dll+0x6d6e29]
V  [jvm.dll+0x8b4b76]
V  [jvm.dll+0x8b712e]
V  [jvm.dll+0x8b7813]
V  [jvm.dll+0x283d86]
V  [jvm.dll+0xc66ed]
V  [jvm.dll+0xc6c31]
V  [jvm.dll+0x2facee]
V  [jvm.dll+0x5fde44]
V  [jvm.dll+0x255557]
V  [jvm.dll+0x25591d]
V  [jvm.dll+0x24df40]
V  [jvm.dll+0x24b482]
V  [jvm.dll+0x1cb13e]
V  [jvm.dll+0x25b29d]
V  [jvm.dll+0x25982a]
V  [jvm.dll+0x3f7ea6]
V  [jvm.dll+0x85e9ad]
V  [jvm.dll+0x6d565d]
C  [ucrtbase.dll+0x37b0]
C  [KERNEL32.DLL+0x2e8d7]
C  [ntdll.dll+0x8c53c]


---------------  P R O C E S S  ---------------

Threads class SMR info:
_java_thread_list=0x000002027c8f2900, length=28, elements={
0x000002021b8542c0, 0x00000202322c8870, 0x00000202322cc1e0, 0x000002021b90b860,
0x000002021b90e2c0, 0x00000202322ccfd0, 0x00000202322d7690, 0x00000202322d84c0,
0x00000202322fe650, 0x0000020274d48030, 0x0000020274ea8330, 0x000002027972a310,
0x00000202795146e0, 0x00000202794dd630, 0x000002027970f7c0, 0x0000020279475970,
0x0000020279119cd0, 0x00000202796cd010, 0x00000202797fe7d0, 0x0000020279eb67f0,
0x0000020279eb5ad0, 0x000002027a4338c0, 0x0000020279d001f0, 0x0000020279eb6e80,
0x0000020279eb4090, 0x0000020279eb3a00, 0x0000020279eb4720, 0x0000020279eb6160
}

Java Threads: ( => current thread )
  0x000002021b8542c0 JavaThread "main"                              [_thread_in_vm, id=1020, stack(0x0000000a4a700000,0x0000000a4a800000) (1024K)]
  0x00000202322c8870 JavaThread "Reference Handler"          daemon [_thread_blocked, id=10784, stack(0x0000000a4ab00000,0x0000000a4ac00000) (1024K)]
  0x00000202322cc1e0 JavaThread "Finalizer"                  daemon [_thread_blocked, id=16892, stack(0x0000000a4ac00000,0x0000000a4ad00000) (1024K)]
  0x000002021b90b860 JavaThread "Signal Dispatcher"          daemon [_thread_blocked, id=24236, stack(0x0000000a4ad00000,0x0000000a4ae00000) (1024K)]
  0x000002021b90e2c0 JavaThread "Attach Listener"            daemon [_thread_blocked, id=10148, stack(0x0000000a4ae00000,0x0000000a4af00000) (1024K)]
  0x00000202322ccfd0 JavaThread "Service Thread"             daemon [_thread_blocked, id=13432, stack(0x0000000a4af00000,0x0000000a4b000000) (1024K)]
  0x00000202322d7690 JavaThread "Monitor Deflation Thread"   daemon [_thread_blocked, id=20552, stack(0x0000000a4b000000,0x0000000a4b100000) (1024K)]
  0x00000202322d84c0 JavaThread "C2 CompilerThread0"         daemon [_thread_in_native, id=14608, stack(0x0000000a4b100000,0x0000000a4b200000) (1024K)]
  0x00000202322fe650 JavaThread "C1 CompilerThread0"         daemon [_thread_in_native, id=21360, stack(0x0000000a4b200000,0x0000000a4b300000) (1024K)]
  0x0000020274d48030 JavaThread "Common-Cleaner"             daemon [_thread_blocked, id=18412, stack(0x0000000a4b400000,0x0000000a4b500000) (1024K)]
  0x0000020274ea8330 JavaThread "Notification Thread"        daemon [_thread_blocked, id=9320, stack(0x0000000a4b500000,0x0000000a4b600000) (1024K)]
  0x000002027972a310 JavaThread "Active Thread: Equinox Container: b3aa38e6-b0f6-4971-92b1-7143057f93a4"        [_thread_blocked, id=12420, stack(0x0000000a4bd00000,0x0000000a4be00000) (1024K)]
  0x00000202795146e0 JavaThread "Refresh Thread: Equinox Container: b3aa38e6-b0f6-4971-92b1-7143057f93a4" daemon [_thread_blocked, id=10252, stack(0x0000000a4b300000,0x0000000a4b400000) (1024K)]
  0x00000202794dd630 JavaThread "Framework Event Dispatcher: Equinox Container: b3aa38e6-b0f6-4971-92b1-7143057f93a4" daemon [_thread_blocked, id=4732, stack(0x0000000a4be00000,0x0000000a4bf00000) (1024K)]
  0x000002027970f7c0 JavaThread "Start Level: Equinox Container: b3aa38e6-b0f6-4971-92b1-7143057f93a4" daemon [_thread_blocked, id=1484, stack(0x0000000a4bf00000,0x0000000a4c000000) (1024K)]
  0x0000020279475970 JavaThread "Bundle File Closer"         daemon [_thread_blocked, id=15692, stack(0x0000000a4c100000,0x0000000a4c200000) (1024K)]
  0x0000020279119cd0 JavaThread "SCR Component Actor"        daemon [_thread_blocked, id=17860, stack(0x0000000a4c000000,0x0000000a4c100000) (1024K)]
  0x00000202796cd010 JavaThread "Worker-JM"                         [_thread_blocked, id=15828, stack(0x0000000a4c400000,0x0000000a4c500000) (1024K)]
  0x00000202797fe7d0 JavaThread "JNA Cleaner"                daemon [_thread_blocked, id=1960, stack(0x0000000a4c200000,0x0000000a4c300000) (1024K)]
  0x0000020279eb67f0 JavaThread "Worker-0: Updating Maven Dependencies"        [_thread_blocked, id=16820, stack(0x0000000a4c300000,0x0000000a4c400000) (1024K)]
  0x0000020279eb5ad0 JavaThread "Worker-1: Repository registry initialization"        [_thread_in_Java, id=17412, stack(0x0000000a4c500000,0x0000000a4c600000) (1024K)]
  0x000002027a4338c0 JavaThread "C2 CompilerThread1"         daemon [_thread_in_native, id=18884, stack(0x0000000a4c600000,0x0000000a4c700000) (1024K)]
=>0x0000020279d001f0 JavaThread "C2 CompilerThread2"         daemon [_thread_in_native, id=6836, stack(0x0000000a4c700000,0x0000000a4c800000) (1024K)]
  0x0000020279eb6e80 JavaThread "Worker-2: Initialize After Load"        [_thread_in_Java, id=13616, stack(0x0000000a4c800000,0x0000000a4c900000) (1024K)]
  0x0000020279eb4090 JavaThread "Java indexing"              daemon [_thread_blocked, id=8316, stack(0x0000000a4c900000,0x0000000a4ca00000) (1024K)]
  0x0000020279eb3a00 JavaThread "Worker-3: Loading available Gradle versions"        [_thread_in_vm, id=24020, stack(0x0000000a4ca00000,0x0000000a4cb00000) (1024K)]
  0x0000020279eb4720 JavaThread "Worker-4: Load persistent model for all projects"        [_thread_in_vm, id=2164, stack(0x0000000a4cd00000,0x0000000a4ce00000) (1024K)]
  0x0000020279eb6160 JavaThread "Worker-5"                          [_thread_blocked, id=23644, stack(0x0000000a4ce00000,0x0000000a4cf00000) (1024K)]
Total: 28

Other Threads:
  0x000002021b8f2b90 VMThread "VM Thread"                           [id=17364, stack(0x0000000a4aa00000,0x0000000a4ab00000) (1024K)]
  0x00000202321dca00 WatcherThread "VM Periodic Task Thread"        [id=19276, stack(0x0000000a4a900000,0x0000000a4aa00000) (1024K)]
  0x000002021b8733e0 WorkerThread "GC Thread#0"                     [id=24852, stack(0x0000000a4a800000,0x0000000a4a900000) (1024K)]
  0x000002027969f420 WorkerThread "GC Thread#1"                     [id=22164, stack(0x0000000a4b700000,0x0000000a4b800000) (1024K)]
  0x000002027969f7c0 WorkerThread "GC Thread#2"                     [id=6188, stack(0x0000000a4b800000,0x0000000a4b900000) (1024K)]
  0x000002027969fb60 WorkerThread "GC Thread#3"                     [id=22556, stack(0x0000000a4b900000,0x0000000a4ba00000) (1024K)]
  0x00000202794f0c90 WorkerThread "GC Thread#4"                     [id=6660, stack(0x0000000a4ba00000,0x0000000a4bb00000) (1024K)]
  0x00000202794f1030 WorkerThread "GC Thread#5"                     [id=14764, stack(0x0000000a4bb00000,0x0000000a4bc00000) (1024K)]
  0x00000202794f13d0 WorkerThread "GC Thread#6"                     [id=9728, stack(0x0000000a4bc00000,0x0000000a4bd00000) (1024K)]
  0x0000020274bd8850 WorkerThread "GC Thread#7"                     [id=15100, stack(0x0000000a4b600000,0x0000000a4b700000) (1024K)]
Total: 10

Threads with active compile tasks:
C2 CompilerThread0  36100 5242   !   4       org.eclipse.osgi.internal.framework.BundleContextImpl::dispatchEvent (577 bytes)
C2 CompilerThread1  36100 5144       4       org.eclipse.osgi.internal.loader.BundleLoader::addExportedProvidersFor (167 bytes)
C2 CompilerThread2  36100 4979   !   4       org.eclipse.osgi.internal.loader.classpath.ClasspathManager::defineClass (636 bytes)
Total: 3

VM state: not at safepoint (normal execution)

VM Mutex/Monitor currently owned by a thread: None

Heap address: 0x0000000080000000, size: 2048 MB, Compressed Oops mode: 32-bit

CDS archive(s) mapped at: [0x0000020233000000-0x0000020233ba0000-0x0000020233ba0000), size 12189696, SharedBaseAddress: 0x0000020233000000, ArchiveRelocationMode: 1.
Compressed class space mapped at: 0x0000020234000000-0x0000020274000000, reserved size: 1073741824
Narrow klass base: 0x0000020233000000, Narrow klass shift: 0, Narrow klass range: 0x100000000

GC Precious Log:
 CardTable entry size: 512
 CPUs: 8 total, 8 available
 Memory: 16220M
 Large Page Support: Disabled
 NUMA Support: Disabled
 Compressed Oops: Enabled (32-bit)
 Alignments: Space 512K, Generation 512K, Heap 2M
 Heap Min Capacity: 100M
 Heap Initial Capacity: 100M
 Heap Max Capacity: 2G
 Pre-touch: Disabled
 Parallel Workers: 8

Heap:
 PSYoungGen      total 23040K, used 10283K [0x00000000d5580000, 0x00000000d7080000, 0x0000000100000000)
  eden space 22016K, 42% used [0x00000000d5580000,0x00000000d5e92528,0x00000000d6b00000)
  from space 1024K, 97% used [0x00000000d6e80000,0x00000000d6f787c8,0x00000000d6f80000)
  to   space 1024K, 0% used [0x00000000d6f80000,0x00000000d6f80000,0x00000000d7080000)
 ParOldGen       total 68608K, used 18302K [0x0000000080000000, 0x0000000084300000, 0x00000000d5580000)
  object space 68608K, 26% used [0x0000000080000000,0x00000000811df920,0x0000000084300000)
 Metaspace       used 38924K, committed 40064K, reserved 1114112K
  class space    used 4160K, committed 4608K, reserved 1048576K

Card table byte_map: [0x000002021b200000,0x000002021b610000] _byte_map_base: 0x000002021ae00000

Marking Bits: (ParMarkBitMap*) 0x00007ff84a302460
 Begin Bits: [0x000002022dd00000, 0x000002022fd00000)
 End Bits:   [0x000002022fd00000, 0x0000020231d00000)

Polling page: 0x0000020219ac0000

Metaspace:

Usage:
  Non-class:     33.95 MB used.
      Class:      4.06 MB used.
       Both:     38.02 MB used.

Virtual space:
  Non-class space:       64.00 MB reserved,      34.62 MB ( 54%) committed,  1 nodes.
      Class space:        1.00 GB reserved,       4.50 MB ( <1%) committed,  1 nodes.
             Both:        1.06 GB reserved,      39.12 MB (  4%) committed. 

Chunk freelists:
   Non-Class:  12.77 MB
       Class:  11.34 MB
        Both:  24.09 MB

MaxMetaspaceSize: unlimited
CompressedClassSpaceSize: 1.00 GB
Initial GC threshold: 21.00 MB
Current GC threshold: 58.38 MB
CDS: on
 - commit_granule_bytes: 65536.
 - commit_granule_words: 8192.
 - virtual_space_node_default_size: 8388608.
 - enlarge_chunks_in_place: 1.
 - use_allocation_guard: 0.


Internal statistics:

num_allocs_failed_limit: 6.
num_arena_births: 774.
num_arena_deaths: 14.
num_vsnodes_births: 2.
num_vsnodes_deaths: 0.
num_space_committed: 626.
num_space_uncommitted: 0.
num_chunks_returned_to_freelist: 20.
num_chunks_taken_from_freelist: 2519.
num_chunk_merges: 7.
num_chunk_splits: 1525.
num_chunks_enlarged: 862.
num_inconsistent_stats: 0.

CodeHeap 'non-profiled nmethods': size=120000Kb used=2415Kb max_used=2571Kb free=117584Kb
 bounds [0x0000020226520000, 0x00000202267b0000, 0x000002022da50000]
CodeHeap 'profiled nmethods': size=120000Kb used=9486Kb max_used=10118Kb free=110514Kb
 bounds [0x000002021ea50000, 0x000002021f450000, 0x0000020225f80000]
CodeHeap 'non-nmethods': size=5760Kb used=1349Kb max_used=1432Kb free=4410Kb
 bounds [0x0000020225f80000, 0x00000202261f0000, 0x0000020226520000]
CodeCache: size=245760Kb, used=13250Kb, max_used=14121Kb, free=232508Kb
 total_blobs=5340, nmethods=4695, adapters=551, full_count=0
Compilation: enabled, stopped_count=0, restarted_count=0

Compilation events (20 events):
Event: 34.048 Thread 0x00000202322fe650 nmethod 5226 0x000002021ea5fd90 code [0x000002021ea60000, 0x000002021ea60800]
Event: 34.048 Thread 0x00000202322fe650 5227       3       org.eclipse.core.internal.resources.ResourceProxy::requestFullPath (25 bytes)
Event: 34.049 Thread 0x00000202322fe650 nmethod 5227 0x000002021ed60e10 code [0x000002021ed60fc0, 0x000002021ed611f0]
Event: 34.049 Thread 0x00000202322fe650 5228       1       org.eclipse.core.internal.dtree.AbstractDataTreeNode::getChildren (5 bytes)
Event: 34.049 Thread 0x00000202322fe650 nmethod 5228 0x00000202265f7a90 code [0x00000202265f7c20, 0x00000202265f7ce8]
Event: 34.049 Thread 0x00000202322fe650 5230       3       com.google.inject.internal.InjectorBindingData::getExplicitBinding (48 bytes)
Event: 34.049 Thread 0x00000202322fe650 nmethod 5230 0x000002021ea8e110 code [0x000002021ea8e340, 0x000002021ea8eb30]
Event: 34.049 Thread 0x00000202322fe650 5229       3       com.google.inject.Key::equals (55 bytes)
Event: 34.049 Thread 0x00000202322d84c0 5231       4       org.objectweb.asm.ByteVector::putUTF8 (144 bytes)
Event: 34.049 Thread 0x00000202322fe650 nmethod 5229 0x000002021ea9da90 code [0x000002021ea9dca0, 0x000002021ea9e3d0]
Event: 34.049 Thread 0x00000202322fe650 5232       3       org.objectweb.asm.SymbolTable$Entry::<init> (18 bytes)
Event: 34.050 Thread 0x00000202322fe650 nmethod 5232 0x000002021ea8dd10 code [0x000002021ea8dec0, 0x000002021ea8e038]
Event: 34.050 Thread 0x00000202322fe650 5233       3       java.lang.invoke.MethodHandles$Lookup::resolveOrFail (44 bytes)
Event: 34.050 Thread 0x00000202322fe650 nmethod 5233 0x000002021ea9c810 code [0x000002021ea9cac0, 0x000002021ea9d670]
Event: 34.050 Thread 0x00000202322fe650 5234       3       java.lang.invoke.MethodHandles$Lookup::getDirectMethodForConstant (72 bytes)
Event: 34.051 Thread 0x00000202322fe650 nmethod 5234 0x000002021ec81c90 code [0x000002021ec81fe0, 0x000002021ec830a0]
Event: 34.051 Thread 0x00000202322fe650 5235       3       com.google.common.collect.ImmutableCollection$Builder::<init> (5 bytes)
Event: 34.051 Thread 0x00000202322fe650 nmethod 5235 0x000002021ea9c310 code [0x000002021ea9c4c0, 0x000002021ea9c628]
Event: 34.052 Thread 0x00000202322fe650 5237       3       org.objectweb.asm.SymbolTable::addConstantMethodref (24 bytes)
Event: 34.052 Thread 0x00000202322fe650 nmethod 5237 0x000002021ec81890 code [0x000002021ec81a40, 0x000002021ec81be0]

GC Heap History (20 events):
Event: 30.173 GC heap before
{Heap before GC invocations=8 (full 1):
 PSYoungGen      total 29184K, used 4283K [0x00000000d5580000, 0x00000000d7680000, 0x0000000100000000)
  eden space 24576K, 0% used [0x00000000d5580000,0x00000000d5580000,0x00000000d6d80000)
  from space 4608K, 92% used [0x00000000d6e80000,0x00000000d72aee78,0x00000000d7300000)
  to   space 3584K, 0% used [0x00000000d7300000,0x00000000d7300000,0x00000000d7680000)
 ParOldGen       total 68608K, used 9607K [0x0000000080000000, 0x0000000084300000, 0x00000000d5580000)
  object space 68608K, 14% used [0x0000000080000000,0x0000000080961fa8,0x0000000084300000)
 Metaspace       used 20632K, committed 21504K, reserved 1114112K
  class space    used 2186K, committed 2560K, reserved 1048576K
}
Event: 30.207 GC heap after
{Heap after GC invocations=8 (full 1):
 PSYoungGen      total 29184K, used 0K [0x00000000d5580000, 0x00000000d7680000, 0x0000000100000000)
  eden space 24576K, 0% used [0x00000000d5580000,0x00000000d5580000,0x00000000d6d80000)
  from space 4608K, 0% used [0x00000000d6e80000,0x00000000d6e80000,0x00000000d7300000)
  to   space 3584K, 0% used [0x00000000d7300000,0x00000000d7300000,0x00000000d7680000)
 ParOldGen       total 68608K, used 12747K [0x0000000080000000, 0x0000000084300000, 0x00000000d5580000)
  object space 68608K, 18% used [0x0000000080000000,0x0000000080c72e68,0x0000000084300000)
 Metaspace       used 20619K, committed 21504K, reserved 1114112K
  class space    used 2183K, committed 2560K, reserved 1048576K
}
Event: 31.440 GC heap before
{Heap before GC invocations=9 (full 1):
 PSYoungGen      total 29184K, used 24576K [0x00000000d5580000, 0x00000000d7680000, 0x0000000100000000)
  eden space 24576K, 100% used [0x00000000d5580000,0x00000000d6d80000,0x00000000d6d80000)
  from space 4608K, 0% used [0x00000000d6e80000,0x00000000d6e80000,0x00000000d7300000)
  to   space 3584K, 0% used [0x00000000d7300000,0x00000000d7300000,0x00000000d7680000)
 ParOldGen       total 68608K, used 12747K [0x0000000080000000, 0x0000000084300000, 0x00000000d5580000)
  object space 68608K, 18% used [0x0000000080000000,0x0000000080c72e68,0x0000000084300000)
 Metaspace       used 22918K, committed 23808K, reserved 1114112K
  class space    used 2385K, committed 2752K, reserved 1048576K
}
Event: 31.441 GC heap after
{Heap after GC invocations=9 (full 1):
 PSYoungGen      total 25088K, used 893K [0x00000000d5580000, 0x00000000d7400000, 0x0000000100000000)
  eden space 24064K, 0% used [0x00000000d5580000,0x00000000d5580000,0x00000000d6d00000)
  from space 1024K, 87% used [0x00000000d7300000,0x00000000d73df468,0x00000000d7400000)
  to   space 2560K, 0% used [0x00000000d6f00000,0x00000000d6f00000,0x00000000d7180000)
 ParOldGen       total 68608K, used 12755K [0x0000000080000000, 0x0000000084300000, 0x00000000d5580000)
  object space 68608K, 18% used [0x0000000080000000,0x0000000080c74e68,0x0000000084300000)
 Metaspace       used 22918K, committed 23808K, reserved 1114112K
  class space    used 2385K, committed 2752K, reserved 1048576K
}
Event: 31.644 GC heap before
{Heap before GC invocations=10 (full 1):
 PSYoungGen      total 25088K, used 24957K [0x00000000d5580000, 0x00000000d7400000, 0x0000000100000000)
  eden space 24064K, 100% used [0x00000000d5580000,0x00000000d6d00000,0x00000000d6d00000)
  from space 1024K, 87% used [0x00000000d7300000,0x00000000d73df468,0x00000000d7400000)
  to   space 2560K, 0% used [0x00000000d6f00000,0x00000000d6f00000,0x00000000d7180000)
 ParOldGen       total 68608K, used 12755K [0x0000000080000000, 0x0000000084300000, 0x00000000d5580000)
  object space 68608K, 18% used [0x0000000080000000,0x0000000080c74e68,0x0000000084300000)
 Metaspace       used 26535K, committed 27520K, reserved 1114112K
  class space    used 2733K, committed 3136K, reserved 1048576K
}
Event: 31.646 GC heap after
{Heap after GC invocations=10 (full 1):
 PSYoungGen      total 26112K, used 1533K [0x00000000d5580000, 0x00000000d7380000, 0x0000000100000000)
  eden space 23552K, 0% used [0x00000000d5580000,0x00000000d5580000,0x00000000d6c80000)
  from space 2560K, 59% used [0x00000000d6f00000,0x00000000d707f468,0x00000000d7180000)
  to   space 2048K, 0% used [0x00000000d7180000,0x00000000d7180000,0x00000000d7380000)
 ParOldGen       total 68608K, used 12763K [0x0000000080000000, 0x0000000084300000, 0x00000000d5580000)
  object space 68608K, 18% used [0x0000000080000000,0x0000000080c76e68,0x0000000084300000)
 Metaspace       used 26535K, committed 27520K, reserved 1114112K
  class space    used 2733K, committed 3136K, reserved 1048576K
}
Event: 31.981 GC heap before
{Heap before GC invocations=11 (full 1):
 PSYoungGen      total 26112K, used 25085K [0x00000000d5580000, 0x00000000d7380000, 0x0000000100000000)
  eden space 23552K, 100% used [0x00000000d5580000,0x00000000d6c80000,0x00000000d6c80000)
  from space 2560K, 59% used [0x00000000d6f00000,0x00000000d707f468,0x00000000d7180000)
  to   space 2048K, 0% used [0x00000000d7180000,0x00000000d7180000,0x00000000d7380000)
 ParOldGen       total 68608K, used 12763K [0x0000000080000000, 0x0000000084300000, 0x00000000d5580000)
  object space 68608K, 18% used [0x0000000080000000,0x0000000080c76e68,0x0000000084300000)
 Metaspace       used 28711K, committed 29632K, reserved 1114112K
  class space    used 2995K, committed 3392K, reserved 1048576K
}
Event: 31.982 GC heap after
{Heap after GC invocations=11 (full 1):
 PSYoungGen      total 24576K, used 1373K [0x00000000d5580000, 0x00000000d7300000, 0x0000000100000000)
  eden space 23040K, 0% used [0x00000000d5580000,0x00000000d5580000,0x00000000d6c00000)
  from space 1536K, 89% used [0x00000000d7180000,0x00000000d72d7620,0x00000000d7300000)
  to   space 1536K, 0% used [0x00000000d7000000,0x00000000d7000000,0x00000000d7180000)
 ParOldGen       total 68608K, used 13490K [0x0000000080000000, 0x0000000084300000, 0x00000000d5580000)
  object space 68608K, 19% used [0x0000000080000000,0x0000000080d2cb10,0x0000000084300000)
 Metaspace       used 28711K, committed 29632K, reserved 1114112K
  class space    used 2995K, committed 3392K, reserved 1048576K
}
Event: 32.182 GC heap before
{Heap before GC invocations=12 (full 1):
 PSYoungGen      total 24576K, used 24413K [0x00000000d5580000, 0x00000000d7300000, 0x0000000100000000)
  eden space 23040K, 100% used [0x00000000d5580000,0x00000000d6c00000,0x00000000d6c00000)
  from space 1536K, 89% used [0x00000000d7180000,0x00000000d72d7620,0x00000000d7300000)
  to   space 1536K, 0% used [0x00000000d7000000,0x00000000d7000000,0x00000000d7180000)
 ParOldGen       total 68608K, used 13490K [0x0000000080000000, 0x0000000084300000, 0x00000000d5580000)
  object space 68608K, 19% used [0x0000000080000000,0x0000000080d2cb10,0x0000000084300000)
 Metaspace       used 30795K, committed 31808K, reserved 1114112K
  class space    used 3172K, committed 3584K, reserved 1048576K
}
Event: 32.185 GC heap after
{Heap after GC invocations=12 (full 1):
 PSYoungGen      total 24064K, used 1499K [0x00000000d5580000, 0x00000000d7200000, 0x0000000100000000)
  eden space 22528K, 0% used [0x00000000d5580000,0x00000000d5580000,0x00000000d6b80000)
  from space 1536K, 97% used [0x00000000d7000000,0x00000000d7176da0,0x00000000d7180000)
  to   space 512K, 0% used [0x00000000d7180000,0x00000000d7180000,0x00000000d7200000)
 ParOldGen       total 68608K, used 15383K [0x0000000080000000, 0x0000000084300000, 0x00000000d5580000)
  object space 68608K, 22% used [0x0000000080000000,0x0000000080f05eb0,0x0000000084300000)
 Metaspace       used 30795K, committed 31808K, reserved 1114112K
  class space    used 3172K, committed 3584K, reserved 1048576K
}
Event: 32.321 GC heap before
{Heap before GC invocations=13 (full 1):
 PSYoungGen      total 24064K, used 24027K [0x00000000d5580000, 0x00000000d7200000, 0x0000000100000000)
  eden space 22528K, 100% used [0x00000000d5580000,0x00000000d6b80000,0x00000000d6b80000)
  from space 1536K, 97% used [0x00000000d7000000,0x00000000d7176da0,0x00000000d7180000)
  to   space 512K, 0% used [0x00000000d7180000,0x00000000d7180000,0x00000000d7200000)
 ParOldGen       total 68608K, used 15383K [0x0000000080000000, 0x0000000084300000, 0x00000000d5580000)
  object space 68608K, 22% used [0x0000000080000000,0x0000000080f05eb0,0x0000000084300000)
 Metaspace       used 31747K, committed 32768K, reserved 1114112K
  class space    used 3286K, committed 3712K, reserved 1048576K
}
Event: 32.322 GC heap after
{Heap after GC invocations=13 (full 1):
 PSYoungGen      total 22528K, used 480K [0x00000000d5580000, 0x00000000d7200000, 0x0000000100000000)
  eden space 22016K, 0% used [0x00000000d5580000,0x00000000d5580000,0x00000000d6b00000)
  from space 512K, 93% used [0x00000000d7180000,0x00000000d71f8010,0x00000000d7200000)
  to   space 2048K, 0% used [0x00000000d6e00000,0x00000000d6e00000,0x00000000d7000000)
 ParOldGen       total 68608K, used 16622K [0x0000000080000000, 0x0000000084300000, 0x00000000d5580000)
  object space 68608K, 24% used [0x0000000080000000,0x000000008103bbb0,0x0000000084300000)
 Metaspace       used 31747K, committed 32768K, reserved 1114112K
  class space    used 3286K, committed 3712K, reserved 1048576K
}
Event: 33.633 GC heap before
{Heap before GC invocations=14 (full 1):
 PSYoungGen      total 22528K, used 22424K [0x00000000d5580000, 0x00000000d7200000, 0x0000000100000000)
  eden space 22016K, 99% used [0x00000000d5580000,0x00000000d6aee030,0x00000000d6b00000)
  from space 512K, 93% used [0x00000000d7180000,0x00000000d71f8010,0x00000000d7200000)
  to   space 2048K, 0% used [0x00000000d6e00000,0x00000000d6e00000,0x00000000d7000000)
 ParOldGen       total 68608K, used 16622K [0x0000000080000000, 0x0000000084300000, 0x00000000d5580000)
  object space 68608K, 24% used [0x0000000080000000,0x000000008103bbb0,0x0000000084300000)
 Metaspace       used 34251K, committed 35200K, reserved 1114112K
  class space    used 3577K, committed 3968K, reserved 1048576K
}
Event: 33.635 GC heap after
{Heap after GC invocations=14 (full 1):
 PSYoungGen      total 24064K, used 1555K [0x00000000d5580000, 0x00000000d7200000, 0x0000000100000000)
  eden space 22016K, 0% used [0x00000000d5580000,0x00000000d5580000,0x00000000d6b00000)
  from space 2048K, 75% used [0x00000000d6e00000,0x00000000d6f84c90,0x00000000d7000000)
  to   space 2048K, 0% used [0x00000000d7000000,0x00000000d7000000,0x00000000d7200000)
 ParOldGen       total 68608K, used 16926K [0x0000000080000000, 0x0000000084300000, 0x00000000d5580000)
  object space 68608K, 24% used [0x0000000080000000,0x0000000081087bf0,0x0000000084300000)
 Metaspace       used 34251K, committed 35200K, reserved 1114112K
  class space    used 3577K, committed 3968K, reserved 1048576K
}
Event: 33.688 GC heap before
{Heap before GC invocations=15 (full 1):
 PSYoungGen      total 24064K, used 5707K [0x00000000d5580000, 0x00000000d7200000, 0x0000000100000000)
  eden space 22016K, 18% used [0x00000000d5580000,0x00000000d598e088,0x00000000d6b00000)
  from space 2048K, 75% used [0x00000000d6e00000,0x00000000d6f84c90,0x00000000d7000000)
  to   space 2048K, 0% used [0x00000000d7000000,0x00000000d7000000,0x00000000d7200000)
 ParOldGen       total 68608K, used 16926K [0x0000000080000000, 0x0000000084300000, 0x00000000d5580000)
  object space 68608K, 24% used [0x0000000080000000,0x0000000081087bf0,0x0000000084300000)
 Metaspace       used 34868K, committed 35840K, reserved 1114112K
  class space    used 3630K, committed 4032K, reserved 1048576K
}
Event: 33.689 GC heap after
{Heap after GC invocations=15 (full 1):
 PSYoungGen      total 22528K, used 320K [0x00000000d5580000, 0x00000000d7080000, 0x0000000100000000)
  eden space 22016K, 0% used [0x00000000d5580000,0x00000000d5580000,0x00000000d6b00000)
  from space 512K, 62% used [0x00000000d7000000,0x00000000d7050000,0x00000000d7080000)
  to   space 1024K, 0% used [0x00000000d6e80000,0x00000000d6e80000,0x00000000d6f80000)
 ParOldGen       total 68608K, used 18158K [0x0000000080000000, 0x0000000084300000, 0x00000000d5580000)
  object space 68608K, 26% used [0x0000000080000000,0x00000000811bb8d0,0x0000000084300000)
 Metaspace       used 34868K, committed 35840K, reserved 1114112K
  class space    used 3630K, committed 4032K, reserved 1048576K
}
Event: 33.689 GC heap before
{Heap before GC invocations=16 (full 2):
 PSYoungGen      total 22528K, used 320K [0x00000000d5580000, 0x00000000d7080000, 0x0000000100000000)
  eden space 22016K, 0% used [0x00000000d5580000,0x00000000d5580000,0x00000000d6b00000)
  from space 512K, 62% used [0x00000000d7000000,0x00000000d7050000,0x00000000d7080000)
  to   space 1024K, 0% used [0x00000000d6e80000,0x00000000d6e80000,0x00000000d6f80000)
 ParOldGen       total 68608K, used 18158K [0x0000000080000000, 0x0000000084300000, 0x00000000d5580000)
  object space 68608K, 26% used [0x0000000080000000,0x00000000811bb8d0,0x0000000084300000)
 Metaspace       used 34868K, committed 35840K, reserved 1114112K
  class space    used 3630K, committed 4032K, reserved 1048576K
}
Event: 33.721 GC heap after
{Heap after GC invocations=16 (full 2):
 PSYoungGen      total 22528K, used 0K [0x00000000d5580000, 0x00000000d7080000, 0x0000000100000000)
  eden space 22016K, 0% used [0x00000000d5580000,0x00000000d5580000,0x00000000d6b00000)
  from space 512K, 0% used [0x00000000d7000000,0x00000000d7000000,0x00000000d7080000)
  to   space 1024K, 0% used [0x00000000d6e80000,0x00000000d6e80000,0x00000000d6f80000)
 ParOldGen       total 68608K, used 17829K [0x0000000080000000, 0x0000000084300000, 0x00000000d5580000)
  object space 68608K, 25% used [0x0000000080000000,0x00000000811694f0,0x0000000084300000)
 Metaspace       used 34868K, committed 35840K, reserved 1114112K
  class space    used 3630K, committed 4032K, reserved 1048576K
}
Event: 34.002 GC heap before
{Heap before GC invocations=17 (full 2):
 PSYoungGen      total 22528K, used 22016K [0x00000000d5580000, 0x00000000d7080000, 0x0000000100000000)
  eden space 22016K, 100% used [0x00000000d5580000,0x00000000d6b00000,0x00000000d6b00000)
  from space 512K, 0% used [0x00000000d7000000,0x00000000d7000000,0x00000000d7080000)
  to   space 1024K, 0% used [0x00000000d6e80000,0x00000000d6e80000,0x00000000d6f80000)
 ParOldGen       total 68608K, used 17829K [0x0000000080000000, 0x0000000084300000, 0x00000000d5580000)
  object space 68608K, 25% used [0x0000000080000000,0x00000000811694f0,0x0000000084300000)
 Metaspace       used 37862K, committed 38848K, reserved 1114112K
  class space    used 4012K, committed 4416K, reserved 1048576K
}
Event: 34.004 GC heap after
{Heap after GC invocations=17 (full 2):
 PSYoungGen      total 23040K, used 993K [0x00000000d5580000, 0x00000000d7080000, 0x0000000100000000)
  eden space 22016K, 0% used [0x00000000d5580000,0x00000000d5580000,0x00000000d6b00000)
  from space 1024K, 97% used [0x00000000d6e80000,0x00000000d6f787c8,0x00000000d6f80000)
  to   space 1024K, 0% used [0x00000000d6f80000,0x00000000d6f80000,0x00000000d7080000)
 ParOldGen       total 68608K, used 18302K [0x0000000080000000, 0x0000000084300000, 0x00000000d5580000)
  object space 68608K, 26% used [0x0000000080000000,0x00000000811df920,0x0000000084300000)
 Metaspace       used 37862K, committed 38848K, reserved 1114112K
  class space    used 4012K, committed 4416K, reserved 1048576K
}

Dll operation events (10 events):
Event: 0.009 Loaded shared library c:\Users\huynh\.antigravity\extensions\redhat.java-1.49.0-win32-x64\jre\21.0.9-win32-x86_64\bin\java.dll
Event: 0.101 Loaded shared library c:\Users\huynh\.antigravity\extensions\redhat.java-1.49.0-win32-x64\jre\21.0.9-win32-x86_64\bin\zip.dll
Event: 0.225 Loaded shared library C:\Users\huynh\.antigravity\extensions\redhat.java-1.49.0-win32-x64\jre\21.0.9-win32-x86_64\bin\instrument.dll
Event: 0.259 Loaded shared library C:\Users\huynh\.antigravity\extensions\redhat.java-1.49.0-win32-x64\jre\21.0.9-win32-x86_64\bin\net.dll
Event: 0.309 Loaded shared library C:\Users\huynh\.antigravity\extensions\redhat.java-1.49.0-win32-x64\jre\21.0.9-win32-x86_64\bin\nio.dll
Event: 0.312 Loaded shared library C:\Users\huynh\.antigravity\extensions\redhat.java-1.49.0-win32-x64\jre\21.0.9-win32-x86_64\bin\zip.dll
Event: 0.337 Loaded shared library C:\Users\huynh\.antigravity\extensions\redhat.java-1.49.0-win32-x64\jre\21.0.9-win32-x86_64\bin\jimage.dll
Event: 0.497 Loaded shared library c:\Users\huynh\.antigravity\extensions\redhat.java-1.49.0-win32-x64\jre\21.0.9-win32-x86_64\bin\verify.dll
Event: 8.571 Loaded shared library C:\Users\huynh\AppData\Roaming\Antigravity\User\globalStorage\redhat.java\1.49.0\config_win\org.eclipse.equinox.launcher\org.eclipse.equinox.launcher.win32.win32.x86_64_1.2.1400.v20250801-0854\eclipse_11916.dll
Event: 29.418 Loaded shared library C:\Temp\jna-99651526\jna14674250468361761237.dll

Deoptimization events (20 events):
Event: 33.934 Thread 0x0000020279eb5ad0 DEOPT PACKING pc=0x00000202265d5074 sp=0x0000000a4c5fc630
Event: 33.934 Thread 0x0000020279eb5ad0 DEOPT UNPACKING pc=0x0000020225fd3aa2 sp=0x0000000a4c5fc5a0 mode 2
Event: 33.949 Thread 0x000002027970f7c0 Uncommon trap: trap_request=0xffffff45 fr.pc=0x00000202265877c8 relative=0x0000000000000128
Event: 33.949 Thread 0x000002027970f7c0 Uncommon trap: reason=unstable_if action=reinterpret pc=0x00000202265877c8 method=jdk.internal.org.objectweb.asm.SymbolTable.put(Ljdk/internal/org/objectweb/asm/SymbolTable$Entry;)Ljdk/internal/org/objectweb/asm/SymbolTable$Entry; @ 13 c2
Event: 33.950 Thread 0x000002027970f7c0 DEOPT PACKING pc=0x00000202265877c8 sp=0x0000000a4bffbe40
Event: 33.950 Thread 0x000002027970f7c0 DEOPT UNPACKING pc=0x0000020225fd3aa2 sp=0x0000000a4bffbda0 mode 2
Event: 33.957 Thread 0x000002027970f7c0 Uncommon trap: trap_request=0xffffff45 fr.pc=0x000002022663e37c relative=0x000000000000039c
Event: 33.957 Thread 0x000002027970f7c0 Uncommon trap: reason=unstable_if action=reinterpret pc=0x000002022663e37c method=java.lang.Integer.parseInt(Ljava/lang/String;I)I @ 119 c2
Event: 33.957 Thread 0x000002027970f7c0 DEOPT PACKING pc=0x000002022663e37c sp=0x0000000a4bffcd60
Event: 33.957 Thread 0x000002027970f7c0 DEOPT UNPACKING pc=0x0000020225fd3aa2 sp=0x0000000a4bffccc8 mode 2
Event: 33.987 Thread 0x0000020279eb6e80 Uncommon trap: trap_request=0xffffff45 fr.pc=0x000002022679dc54 relative=0x0000000000000974
Event: 33.987 Thread 0x0000020279eb6e80 Uncommon trap: reason=unstable_if action=reinterpret pc=0x000002022679dc54 method=java.util.concurrent.locks.ReentrantReadWriteLock$Sync.tryAcquireShared(I)I @ 55 c2
Event: 33.987 Thread 0x0000020279eb6e80 DEOPT PACKING pc=0x000002022679dc54 sp=0x0000000a4c8fccb0
Event: 33.987 Thread 0x0000020279eb6e80 DEOPT UNPACKING pc=0x0000020225fd3aa2 sp=0x0000000a4c8fcae0 mode 2
Event: 34.034 Thread 0x0000020279eb5ad0 DEOPT PACKING pc=0x000002021ee92014 sp=0x0000000a4c5fd3d0
Event: 34.035 Thread 0x0000020279eb5ad0 DEOPT UNPACKING pc=0x0000020225fd4242 sp=0x0000000a4c5fc888 mode 0
Event: 34.053 Thread 0x000002021b8542c0 Uncommon trap: trap_request=0xffffff45 fr.pc=0x0000020226774f44 relative=0x00000000000011e4
Event: 34.053 Thread 0x000002021b8542c0 Uncommon trap: reason=unstable_if action=reinterpret pc=0x0000020226774f44 method=java.util.Properties.loadConvert([CIILjava/lang/StringBuilder;)Ljava/lang/String; @ 477 c2
Event: 34.053 Thread 0x000002021b8542c0 DEOPT PACKING pc=0x0000020226774f44 sp=0x0000000a4a7f9ea0
Event: 36.071 Thread 0x000002021b8542c0 DEOPT UNPACKING pc=0x0000020225fd3aa2 sp=0x0000000a4a7f9e90 mode 2

Classes loaded (20 events):
Event: 34.030 Loading class sun/security/jca/ProviderConfig$ProviderLoader done
Event: 34.033 Loading class sun/reflect/generics/scope/MethodScope
Event: 34.033 Loading class sun/reflect/generics/scope/MethodScope done
Event: 34.033 Loading class sun/reflect/generics/repository/MethodRepository
Event: 34.033 Loading class sun/reflect/generics/repository/MethodRepository done
Event: 34.034 Loading class java/security/InvalidParameterException
Event: 34.034 Loading class java/security/InvalidParameterException done
Event: 34.034 Loading class java/security/ProviderException
Event: 34.034 Loading class java/security/ProviderException done
Event: 34.045 Loading class sun/security/ssl/SunJSSE
Event: 34.045 Loading class sun/security/ssl/SunJSSE done
Event: 34.046 Loading class sun/security/ssl/SSLContextImpl$DefaultSSLContext
Event: 34.046 Loading class sun/security/ssl/SSLContextImpl$CustomizedTLSContext
Event: 34.047 Loading class sun/security/ssl/SSLContextImpl$AbstractTLSContext
Event: 34.047 Loading class sun/security/ssl/SSLContextImpl
Event: 34.048 Loading class sun/security/ssl/SSLContextImpl done
Event: 34.048 Loading class sun/security/ssl/SSLContextImpl$AbstractTLSContext done
Event: 34.048 Loading class sun/security/ssl/SSLContextImpl$CustomizedTLSContext done
Event: 34.048 Loading class sun/security/ssl/SSLContextImpl$DefaultSSLContext done
Event: 34.051 Loading class sun/security/ssl/SSLLogger

Classes unloaded (7 events):
Event: 30.179 Thread 0x000002021b8f2b90 Unloading class 0x00000202341a8800 'java/lang/invoke/LambdaForm$MH+0x00000202341a8800'
Event: 30.179 Thread 0x000002021b8f2b90 Unloading class 0x00000202341a8400 'java/lang/invoke/LambdaForm$MH+0x00000202341a8400'
Event: 30.179 Thread 0x000002021b8f2b90 Unloading class 0x00000202341a8000 'java/lang/invoke/LambdaForm$MH+0x00000202341a8000'
Event: 30.179 Thread 0x000002021b8f2b90 Unloading class 0x00000202341a7c00 'java/lang/invoke/LambdaForm$MH+0x00000202341a7c00'
Event: 30.179 Thread 0x000002021b8f2b90 Unloading class 0x00000202341a7800 'java/lang/invoke/LambdaForm$BMH+0x00000202341a7800'
Event: 30.179 Thread 0x000002021b8f2b90 Unloading class 0x00000202341a7400 'java/lang/invoke/LambdaForm$DMH+0x00000202341a7400'
Event: 30.179 Thread 0x000002021b8f2b90 Unloading class 0x00000202341a6400 'java/lang/invoke/LambdaForm$DMH+0x00000202341a6400'

Classes redefined (0 events):
No events

Internal exceptions (20 events):
Event: 31.428 Thread 0x0000020279eb5ad0 Exception <a 'java/lang/NoSuchMethodError'{0x00000000d6c5ced8}: 'int java.lang.invoke.Invokers$Holder.linkToTargetMethod(java.lang.Object, java.lang.Object)'> (0x00000000d6c5ced8) 
thrown [s\src\hotspot\share\interpreter\linkResolver.cpp, line 773]
Event: 31.430 Thread 0x0000020279eb67f0 Exception <a 'java/lang/NoSuchMethodError'{0x00000000d6c85950}: 'int java.lang.invoke.DirectMethodHandle$Holder.invokeSpecial(java.lang.Object, java.lang.Object, java.lang.Object, java.lang.Object)'> (0x00000000d6c85950) 
thrown [s\src\hotspot\share\interpreter\linkResolver.cpp, line 773]
Event: 31.431 Thread 0x0000020279eb67f0 Exception <a 'java/lang/NoSuchMethodError'{0x00000000d6cabd48}: 'java.lang.Object java.lang.invoke.DirectMethodHandle$Holder.invokeStatic(java.lang.Object, int, java.lang.Object, java.lang.Object)'> (0x00000000d6cabd48) 
thrown [s\src\hotspot\share\interpreter\linkResolver.cpp, line 773]
Event: 31.431 Thread 0x0000020279eb67f0 Exception <a 'java/lang/NoSuchMethodError'{0x00000000d6caf528}: 'java.lang.Object java.lang.invoke.DelegatingMethodHandle$Holder.delegate(java.lang.Object, int, java.lang.Object, java.lang.Object)'> (0x00000000d6caf528) 
thrown [s\src\hotspot\share\interpreter\linkResolver.cpp, line 773]
Event: 31.433 Thread 0x0000020279eb67f0 Exception <a 'java/lang/NoSuchMethodError'{0x00000000d6ccfab0}: 'int java.lang.invoke.Invokers$Holder.linkToTargetMethod(java.lang.Object, java.lang.Object, java.lang.Object)'> (0x00000000d6ccfab0) 
thrown [s\src\hotspot\share\interpreter\linkResolver.cpp, line 773]
Event: 31.465 Thread 0x0000020279eb5ad0 Exception <a 'java/lang/NoSuchMethodError'{0x00000000d58e6a30}: 'java.lang.Object java.lang.invoke.DirectMethodHandle$Holder.invokeSpecialIFC(java.lang.Object, java.lang.Object, java.lang.Object, java.lang.Object)'> (0x00000000d58e6a30) 
thrown [s\src\hotspot\share\interpreter\linkResolver.cpp, line 773]
Event: 31.870 Thread 0x0000020279eb5ad0 Exception <a 'java/lang/NoClassDefFoundError'{0x00000000d6047110}: javax/enterprise/inject/Typed> (0x00000000d6047110) 
thrown [s\src\hotspot\share\classfile\systemDictionary.cpp, line 301]
Event: 33.752 Thread 0x000002027970f7c0 Exception <a 'java/lang/ClassNotFoundException'{0x00000000d584c680}: com/sun/org/apache/xml/internal/serializer/spi/XMLEntitiesProvider> (0x00000000d584c680) 
thrown [s\src\hotspot\share\classfile\systemDictionary.cpp, line 312]
Event: 33.904 Thread 0x0000020279eb5ad0 Exception <a 'java/lang/NoSuchMethodError'{0x00000000d6197068}: 'void java.lang.invoke.DirectMethodHandle$Holder.invokeStaticInit(java.lang.Object, java.lang.Object, java.lang.Object)'> (0x00000000d6197068) 
thrown [s\src\hotspot\share\interpreter\linkResolver.cpp, line 773]
Event: 33.917 Thread 0x0000020279eb5ad0 Exception <a 'java/lang/ExceptionInInitializerError'{0x00000000d61d96d8}> (0x00000000d61d96d8) 
thrown [s\src\hotspot\share\oops\instanceKlass.cpp, line 1220]
Event: 33.929 Thread 0x000002027970f7c0 Exception <a 'java/io/FileNotFoundException'{0x00000000d627cea8}> (0x00000000d627cea8) 
thrown [s\src\hotspot\share\prims\jni.cpp, line 520]
Event: 33.929 Thread 0x0000020279eb5ad0 Implicit null exception at 0x000002022679fe91 to 0x00000202267a0118
Event: 33.930 Thread 0x0000020279eb5ad0 Exception <a 'java/lang/NoSuchMethodError'{0x00000000d62bd5f0}: 'long java.lang.invoke.DirectMethodHandle$Holder.invokeStatic(java.lang.Object, java.lang.Object, int)'> (0x00000000d62bd5f0) 
thrown [s\src\hotspot\share\interpreter\linkResolver.cpp, line 773]
Event: 33.933 Thread 0x0000020279eb5ad0 Implicit null exception at 0x000002022665bb80 to 0x000002022665be04
Event: 33.934 Thread 0x0000020279eb5ad0 Implicit null exception at 0x00000202265d4117 to 0x00000202265d5064
Event: 33.935 Thread 0x0000020279eb5ad0 Exception <a 'java/lang/NoSuchMethodError'{0x00000000d6369498}: 'java.lang.Object java.lang.invoke.Invokers$Holder.invokeExact_MT(java.lang.Object, int, java.lang.Object)'> (0x00000000d6369498) 
thrown [s\src\hotspot\share\interpreter\linkResolver.cpp, line 773]
Event: 33.953 Thread 0x000002027970f7c0 Exception <a 'java/lang/UnsatisfiedLinkError'{0x00000000d6544390}: The specified procedure could not be found.
> (0x00000000d6544390) 
thrown [s\src\hotspot\share\prims\jni.cpp, line 539]
Event: 33.957 Thread 0x000002027970f7c0 Exception <a 'java/io/FileNotFoundException'{0x00000000d655c098}> (0x00000000d655c098) 
thrown [s\src\hotspot\share\prims\jni.cpp, line 520]
Event: 33.968 Thread 0x000002027970f7c0 Exception <a 'java/io/FileNotFoundException'{0x00000000d6775ac8}> (0x00000000d6775ac8) 
thrown [s\src\hotspot\share\prims\jni.cpp, line 520]
Event: 33.971 Thread 0x000002027970f7c0 Exception <a 'java/lang/UnsatisfiedLinkError'{0x00000000d67e1170}: The specified procedure could not be found.
> (0x00000000d67e1170) 
thrown [s\src\hotspot\share\prims\jni.cpp, line 539]

ZGC Phase Switch (0 events):
No events

VM Operations (20 events):
Event: 33.529 Executing VM operation: HandshakeAllThreads (Deoptimize) done
Event: 33.603 Executing VM operation: HandshakeAllThreads (Deoptimize)
Event: 33.603 Executing VM operation: HandshakeAllThreads (Deoptimize) done
Event: 33.632 Executing VM operation: ParallelGCFailedAllocation (Allocation Failure)
Event: 33.635 Executing VM operation: ParallelGCFailedAllocation (Allocation Failure) done
Event: 33.688 Executing VM operation: CollectForMetadataAllocation (Metadata GC Threshold)
Event: 33.721 Executing VM operation: CollectForMetadataAllocation (Metadata GC Threshold) done
Event: 33.887 Executing VM operation: HandshakeAllThreads (Deoptimize)
Event: 33.887 Executing VM operation: HandshakeAllThreads (Deoptimize) done
Event: 33.948 Executing VM operation: HandshakeAllThreads (Deoptimize)
Event: 33.948 Executing VM operation: HandshakeAllThreads (Deoptimize) done
Event: 33.968 Executing VM operation: HandshakeAllThreads (Deoptimize)
Event: 33.968 Executing VM operation: HandshakeAllThreads (Deoptimize) done
Event: 34.002 Executing VM operation: ParallelGCFailedAllocation (Allocation Failure)
Event: 34.004 Executing VM operation: ParallelGCFailedAllocation (Allocation Failure) done
Event: 34.033 Executing VM operation: HandshakeAllThreads (Deoptimize)
Event: 34.033 Executing VM operation: HandshakeAllThreads (Deoptimize) done
Event: 34.034 Executing VM operation: HandshakeAllThreads (Deoptimize)
Event: 34.034 Executing VM operation: HandshakeAllThreads (Deoptimize) done
Event: 35.043 Executing VM operation: Cleanup

Memory protections (0 events):
No events

Nmethod flushes (20 events):
Event: 33.704 Thread 0x000002021b8f2b90 flushing  nmethod 0x000002021f05a490
Event: 33.704 Thread 0x000002021b8f2b90 flushing  nmethod 0x000002021f05c610
Event: 33.704 Thread 0x000002021b8f2b90 flushing  nmethod 0x000002021f09c710
Event: 33.704 Thread 0x000002021b8f2b90 flushing  nmethod 0x000002021f09db10
Event: 33.704 Thread 0x000002021b8f2b90 flushing  nmethod 0x000002021f09e410
Event: 33.704 Thread 0x000002021b8f2b90 flushing  nmethod 0x000002021f09f610
Event: 33.704 Thread 0x000002021b8f2b90 flushing  nmethod 0x000002021f09fe10
Event: 33.704 Thread 0x000002021b8f2b90 flushing  nmethod 0x000002021f0a1b10
Event: 33.704 Thread 0x000002021b8f2b90 flushing  nmethod 0x000002021f0a2690
Event: 33.704 Thread 0x000002021b8f2b90 flushing  nmethod 0x000002021f0a3a10
Event: 33.704 Thread 0x000002021b8f2b90 flushing  nmethod 0x000002021f0a4b10
Event: 33.704 Thread 0x000002021b8f2b90 flushing  nmethod 0x000002021f0a5e10
Event: 33.704 Thread 0x000002021b8f2b90 flushing  nmethod 0x000002021f0a6610
Event: 33.704 Thread 0x000002021b8f2b90 flushing  nmethod 0x000002021f0a7490
Event: 33.704 Thread 0x000002021b8f2b90 flushing  nmethod 0x000002021f0f4410
Event: 33.704 Thread 0x000002021b8f2b90 flushing  nmethod 0x000002021f0f8810
Event: 33.704 Thread 0x000002021b8f2b90 flushing  nmethod 0x000002021f103290
Event: 33.704 Thread 0x000002021b8f2b90 flushing  nmethod 0x000002021f145690
Event: 33.704 Thread 0x000002021b8f2b90 flushing  nmethod 0x000002021f166110
Event: 33.704 Thread 0x000002021b8f2b90 flushing  nmethod 0x000002021f176910

Events (20 events):
Event: 8.936 Thread 0x00000202791363a0 Thread exited: 0x00000202791363a0
Event: 9.420 Thread 0x000002027962af20 Thread exited: 0x000002027962af20
Event: 17.967 Thread 0x00000202322fe650 Thread added: 0x00000202793c63e0
Event: 18.084 Thread 0x000002027970f7c0 Thread added: 0x0000020279475970
Event: 19.253 Thread 0x00000202793c63e0 Thread exited: 0x00000202793c63e0
Event: 28.374 Thread 0x000002027970f7c0 Thread added: 0x0000020279119cd0
Event: 28.582 Thread 0x00000202322fe650 Thread added: 0x00000202797fe7d0
Event: 28.582 Thread 0x00000202322fe650 Thread added: 0x0000020279106f60
Event: 28.853 Thread 0x000002027970f7c0 Thread added: 0x00000202796cd010
Event: 29.286 Thread 0x0000020279106f60 Thread exited: 0x0000020279106f60
Event: 29.424 Thread 0x00000202797fe7d0 Thread exited: 0x00000202797fe7d0
Event: 29.443 Thread 0x000002027970f7c0 Thread added: 0x00000202797fe7d0
Event: 29.482 Thread 0x000002027970f7c0 Thread added: 0x0000020279eb67f0
Event: 29.519 Thread 0x000002027970f7c0 Thread added: 0x0000020279eb5ad0
Event: 29.664 Thread 0x00000202322fe650 Thread added: 0x000002027a4338c0
Event: 31.416 Thread 0x00000202322fe650 Thread added: 0x0000020279d001f0
Event: 31.416 Thread 0x0000020279eb67f0 Thread added: 0x0000020279eb6e80
Event: 33.456 Thread 0x000002027970f7c0 Thread added: 0x0000020279eb4090
Event: 33.467 Thread 0x0000020279eb6e80 Thread added: 0x0000020279eb3a00
Event: 34.006 Thread 0x0000020279eb3a00 Thread added: 0x0000020279eb4720


Dynamic libraries:
0x00007ff748a10000 - 0x00007ff748a1e000 	c:\Users\huynh\.antigravity\extensions\redhat.java-1.49.0-win32-x64\jre\21.0.9-win32-x86_64\bin\java.exe
0x00007ff8c8c20000 - 0x00007ff8c8e88000 	C:\WINDOWS\SYSTEM32\ntdll.dll
0x00007ff8c8210000 - 0x00007ff8c82d9000 	C:\WINDOWS\System32\KERNEL32.DLL
0x00007ff8c5d70000 - 0x00007ff8c6168000 	C:\WINDOWS\System32\KERNELBASE.dll
0x00007ff8c6170000 - 0x00007ff8c62bb000 	C:\WINDOWS\System32\ucrtbase.dll
0x00007ff8b9c20000 - 0x00007ff8b9c38000 	c:\Users\huynh\.antigravity\extensions\redhat.java-1.49.0-win32-x64\jre\21.0.9-win32-x86_64\bin\jli.dll
0x00007ff8c88e0000 - 0x00007ff8c8aa7000 	C:\WINDOWS\System32\USER32.dll
0x00007ff8c6580000 - 0x00007ff8c65a7000 	C:\WINDOWS\System32\win32u.dll
0x00007ff8c88b0000 - 0x00007ff8c88db000 	C:\WINDOWS\System32\GDI32.dll
0x00007ff8c6730000 - 0x00007ff8c685c000 	C:\WINDOWS\System32\gdi32full.dll
0x00007ff8c6910000 - 0x00007ff8c69b3000 	C:\WINDOWS\System32\msvcp_win.dll
0x00007ff8c0840000 - 0x00007ff8c085e000 	c:\Users\huynh\.antigravity\extensions\redhat.java-1.49.0-win32-x64\jre\21.0.9-win32-x86_64\bin\VCRUNTIME140.dll
0x00007ff8afa70000 - 0x00007ff8afd04000 	C:\WINDOWS\WinSxS\amd64_microsoft.windows.common-controls_6595b64144ccf1df_6.0.26100.7019_none_3e06ffa0e335b8a8\COMCTL32.dll
0x00007ff8c8490000 - 0x00007ff8c8539000 	C:\WINDOWS\System32\msvcrt.dll
0x00007ff8c87e0000 - 0x00007ff8c8811000 	C:\WINDOWS\System32\IMM32.DLL
0x00007ff8bce60000 - 0x00007ff8bce6c000 	c:\Users\huynh\.antigravity\extensions\redhat.java-1.49.0-win32-x64\jre\21.0.9-win32-x86_64\bin\vcruntime140_1.dll
0x00007ff8701a0000 - 0x00007ff87022d000 	c:\Users\huynh\.antigravity\extensions\redhat.java-1.49.0-win32-x64\jre\21.0.9-win32-x86_64\bin\msvcp140.dll
0x00007ff849640000 - 0x00007ff84a3e0000 	c:\Users\huynh\.antigravity\extensions\redhat.java-1.49.0-win32-x64\jre\21.0.9-win32-x86_64\bin\server\jvm.dll
0x00007ff8c6c00000 - 0x00007ff8c6cb4000 	C:\WINDOWS\System32\ADVAPI32.dll
0x00007ff8c8150000 - 0x00007ff8c81f6000 	C:\WINDOWS\System32\sechost.dll
0x00007ff8c8540000 - 0x00007ff8c8658000 	C:\WINDOWS\System32\RPCRT4.dll
0x00007ff8c69c0000 - 0x00007ff8c6a34000 	C:\WINDOWS\System32\WS2_32.dll
0x00007ff8c5bd0000 - 0x00007ff8c5c2e000 	C:\WINDOWS\SYSTEM32\POWRPROF.dll
0x00007ff8b4780000 - 0x00007ff8b47b5000 	C:\WINDOWS\SYSTEM32\WINMM.dll
0x00007ff8bd810000 - 0x00007ff8bd81b000 	C:\WINDOWS\SYSTEM32\VERSION.dll
0x00007ff8c5bb0000 - 0x00007ff8c5bc4000 	C:\WINDOWS\SYSTEM32\UMPDC.dll
0x00007ff8c4b00000 - 0x00007ff8c4b1b000 	C:\WINDOWS\SYSTEM32\kernel.appcore.dll
0x00007ff8bce40000 - 0x00007ff8bce4a000 	c:\Users\huynh\.antigravity\extensions\redhat.java-1.49.0-win32-x64\jre\21.0.9-win32-x86_64\bin\jimage.dll
0x00007ff8c3490000 - 0x00007ff8c36d2000 	C:\WINDOWS\SYSTEM32\DBGHELP.DLL
0x00007ff8c6db0000 - 0x00007ff8c713b000 	C:\WINDOWS\System32\combase.dll
0x00007ff8c71a0000 - 0x00007ff8c7277000 	C:\WINDOWS\System32\OLEAUT32.dll
0x00007ff8ae400000 - 0x00007ff8ae43c000 	C:\WINDOWS\SYSTEM32\dbgcore.DLL
0x00007ff8c6860000 - 0x00007ff8c6905000 	C:\WINDOWS\System32\bcryptPrimitives.dll
0x00007ff8b93d0000 - 0x00007ff8b93df000 	c:\Users\huynh\.antigravity\extensions\redhat.java-1.49.0-win32-x64\jre\21.0.9-win32-x86_64\bin\instrument.dll
0x00007ff8b9070000 - 0x00007ff8b9090000 	c:\Users\huynh\.antigravity\extensions\redhat.java-1.49.0-win32-x64\jre\21.0.9-win32-x86_64\bin\java.dll
0x00007ff8c79f0000 - 0x00007ff8c813f000 	C:\WINDOWS\System32\SHELL32.dll
0x00007ff8c6410000 - 0x00007ff8c657b000 	C:\WINDOWS\System32\wintypes.dll
0x00007ff8c3970000 - 0x00007ff8c41cd000 	C:\WINDOWS\SYSTEM32\windows.storage.dll
0x00007ff8c6b00000 - 0x00007ff8c6bf2000 	C:\WINDOWS\System32\SHCORE.dll
0x00007ff8c6d10000 - 0x00007ff8c6d77000 	C:\WINDOWS\System32\shlwapi.dll
0x00007ff8c5c90000 - 0x00007ff8c5cb9000 	C:\WINDOWS\SYSTEM32\profapi.dll
0x00007ff8b8cc0000 - 0x00007ff8b8cd8000 	c:\Users\huynh\.antigravity\extensions\redhat.java-1.49.0-win32-x64\jre\21.0.9-win32-x86_64\bin\zip.dll
0x00007ff8b93c0000 - 0x00007ff8b93d0000 	C:\Users\huynh\.antigravity\extensions\redhat.java-1.49.0-win32-x64\jre\21.0.9-win32-x86_64\bin\net.dll
0x00007ff8bd540000 - 0x00007ff8bd668000 	C:\WINDOWS\SYSTEM32\WINHTTP.dll
0x00007ff8c50a0000 - 0x00007ff8c510b000 	C:\WINDOWS\system32\mswsock.dll
0x00007ff8b8be0000 - 0x00007ff8b8bf6000 	C:\Users\huynh\.antigravity\extensions\redhat.java-1.49.0-win32-x64\jre\21.0.9-win32-x86_64\bin\nio.dll
0x00007ff8b8bd0000 - 0x00007ff8b8be0000 	c:\Users\huynh\.antigravity\extensions\redhat.java-1.49.0-win32-x64\jre\21.0.9-win32-x86_64\bin\verify.dll
0x00007ff87f450000 - 0x00007ff87f494000 	C:\Users\huynh\AppData\Roaming\Antigravity\User\globalStorage\redhat.java\1.49.0\config_win\org.eclipse.equinox.launcher\org.eclipse.equinox.launcher.win32.win32.x86_64_1.2.1400.v20250801-0854\eclipse_11916.dll
0x00007ff8c82e0000 - 0x00007ff8c8477000 	C:\WINDOWS\System32\ole32.dll
0x00007ff8c5360000 - 0x00007ff8c537b000 	C:\WINDOWS\SYSTEM32\CRYPTSP.dll
0x00007ff8c4a60000 - 0x00007ff8c4a9a000 	C:\WINDOWS\system32\rsaenh.dll
0x00007ff8c5150000 - 0x00007ff8c517b000 	C:\WINDOWS\SYSTEM32\USERENV.dll
0x00007ff8c5c60000 - 0x00007ff8c5c8a000 	C:\WINDOWS\SYSTEM32\bcrypt.dll
0x00007ff8c5380000 - 0x00007ff8c538c000 	C:\WINDOWS\SYSTEM32\CRYPTBASE.dll
0x00007ff8c44e0000 - 0x00007ff8c4514000 	C:\WINDOWS\SYSTEM32\IPHLPAPI.DLL
0x00007ff8c8200000 - 0x00007ff8c820a000 	C:\WINDOWS\System32\NSI.dll
0x00007ff870150000 - 0x00007ff870199000 	C:\Temp\jna-99651526\jna14674250468361761237.dll
0x00007ff8c8ab0000 - 0x00007ff8c8ab8000 	C:\WINDOWS\System32\PSAPI.DLL
0x00007ff8bf180000 - 0x00007ff8bf19e000 	C:\WINDOWS\SYSTEM32\dhcpcsvc6.DLL
0x00007ff8bd910000 - 0x00007ff8bd933000 	C:\WINDOWS\SYSTEM32\dhcpcsvc.DLL

JVMTI agents:
c:\Users\huynh\.antigravity\extensions\redhat.java-1.49.0-win32-x64\lombok\lombok-1.18.39-4050.jar path:c:\Users\huynh\.antigravity\extensions\redhat.java-1.49.0-win32-x64\jre\21.0.9-win32-x86_64\bin\instrument.dll, loaded, initialized, instrumentlib options:none

dbghelp: loaded successfully - version: 4.0.5 - missing functions: none
symbol engine: initialized successfully - sym options: 0x614 - pdb path: .;c:\Users\huynh\.antigravity\extensions\redhat.java-1.49.0-win32-x64\jre\21.0.9-win32-x86_64\bin;C:\WINDOWS\SYSTEM32;C:\WINDOWS\WinSxS\amd64_microsoft.windows.common-controls_6595b64144ccf1df_6.0.26100.7019_none_3e06ffa0e335b8a8;c:\Users\huynh\.antigravity\extensions\redhat.java-1.49.0-win32-x64\jre\21.0.9-win32-x86_64\bin\server;C:\Users\huynh\AppData\Roaming\Antigravity\User\globalStorage\redhat.java\1.49.0\config_win\org.eclipse.equinox.launcher\org.eclipse.equinox.launcher.win32.win32.x86_64_1.2.1400.v20250801-0854;C:\Temp\jna-99651526

VM Arguments:
jvm_args: --add-modules=ALL-SYSTEM --add-opens=java.base/java.util=ALL-UNNAMED --add-opens=java.base/java.lang=ALL-UNNAMED --add-opens=java.base/sun.nio.fs=ALL-UNNAMED -Declipse.application=org.eclipse.jdt.ls.core.id1 -Dosgi.bundles.defaultStartLevel=4 -Declipse.product=org.eclipse.jdt.ls.core.product -Djava.import.generatesMetadataFilesAtProjectRoot=false -DDetectVMInstallationsJob.disabled=true -Dfile.encoding=utf8 -XX:+UseParallelGC -XX:GCTimeRatio=4 -XX:AdaptiveSizePolicyWeight=90 -Dsun.zip.disableMemoryMapping=true -Xmx2G -Xms100m -Xlog:disable -javaagent:c:\Users\huynh\.antigravity\extensions\redhat.java-1.49.0-win32-x64\lombok\lombok-1.18.39-4050.jar -XX:+HeapDumpOnOutOfMemoryError -XX:HeapDumpPath=c:\Users\huynh\AppData\Roaming\Antigravity\User\workspaceStorage\73b60d98252cc9e3b06d9c2d64267252\redhat.java -Daether.dependencyCollector.impl=bf 
java_command: c:\Users\huynh\.antigravity\extensions\redhat.java-1.49.0-win32-x64\server\plugins\org.eclipse.equinox.launcher_1.7.100.v20251111-0406.jar -configuration c:\Users\huynh\AppData\Roaming\Antigravity\User\globalStorage\redhat.java\1.49.0\config_win -data c:\Users\huynh\AppData\Roaming\Antigravity\User\workspaceStorage\73b60d98252cc9e3b06d9c2d64267252\redhat.java\jdt_ws --pipe=\\.\pipe\lsp-617d9fc4c4ed88bb4499a0c2f547c056-sock
java_class_path (initial): c:\Users\huynh\.antigravity\extensions\redhat.java-1.49.0-win32-x64\server\plugins\org.eclipse.equinox.launcher_1.7.100.v20251111-0406.jar
Launcher Type: SUN_STANDARD

[Global flags]
    uintx AdaptiveSizePolicyWeight                 = 90                                        {product} {command line}
     intx CICompilerCount                          = 4                                         {product} {ergonomic}
    uintx GCTimeRatio                              = 4                                         {product} {command line}
     bool HeapDumpOnOutOfMemoryError               = true                                   {manageable} {command line}
    ccstr HeapDumpPath                             = c:\Users\huynh\AppData\Roaming\Antigravity\User\workspaceStorage\73b60d98252cc9e3b06d9c2d64267252\redhat.java         {manageable} {command line}
   size_t InitialHeapSize                          = 104857600                                 {product} {command line}
   size_t MaxHeapSize                              = 2147483648                                {product} {command line}
   size_t MaxNewSize                               = 715653120                                 {product} {ergonomic}
   size_t MinHeapDeltaBytes                        = 524288                                    {product} {ergonomic}
   size_t MinHeapSize                              = 104857600                                 {product} {command line}
   size_t NewSize                                  = 34603008                                  {product} {ergonomic}
    uintx NonNMethodCodeHeapSize                   = 5839372                                {pd product} {ergonomic}
    uintx NonProfiledCodeHeapSize                  = 122909434                              {pd product} {ergonomic}
   size_t OldSize                                  = 70254592                                  {product} {ergonomic}
    uintx ProfiledCodeHeapSize                     = 122909434                              {pd product} {ergonomic}
    uintx ReservedCodeCacheSize                    = 251658240                              {pd product} {ergonomic}
     bool SegmentedCodeCache                       = true                                      {product} {ergonomic}
   size_t SoftMaxHeapSize                          = 2147483648                             {manageable} {ergonomic}
     bool UseCompressedOops                        = true                           {product lp64_product} {ergonomic}
     bool UseLargePagesIndividualAllocation        = false                                  {pd product} {ergonomic}
     bool UseParallelGC                            = true                                      {product} {command line}

Logging:
Log output configuration:
 #0: stdout all=off uptime,level,tags foldmultilines=false
 #1: stderr all=off uptime,level,tags foldmultilines=false

Release file:
JAVA_VERSION="21.0.9" 
MODULES="java.base java.compiler java.datatransfer java.xml java.prefs java.desktop java.instrument java.logging java.management java.security.sasl java.naming java.rmi java.management.rmi java.net.http java.scripting java.security.jgss java.transaction.xa java.sql java.sql.rowset java.xml.crypto java.se java.smartcardio jdk.accessibility jdk.internal.jvmstat jdk.attach jdk.charsets jdk.internal.opt jdk.zipfs jdk.compiler jdk.crypto.ec jdk.crypto.cryptoki jdk.crypto.mscapi jdk.dynalink jdk.internal.ed jdk.editpad jdk.hotspot.agent jdk.httpserver jdk.internal.le jdk.internal.vm.ci jdk.internal.vm.compiler jdk.internal.vm.compiler.management jdk.jartool jdk.javadoc jdk.jcmd jdk.management jdk.management.agent jdk.jconsole jdk.jdeps jdk.jdwp.agent jdk.jdi jdk.jfr jdk.jshell jdk.jsobject jdk.jstatd jdk.localedata jdk.management.jfr jdk.naming.dns jdk.naming.rmi jdk.net jdk.nio.mapmode jdk.random jdk.sctp jdk.security.auth jdk.security.jgss jdk.unsupported jdk.unsupported.desktop jdk.xml.dom" 

Environment Variables:
PATH=D:\Program Files (x86)\VMware\VMware Workstation\bin\;C:\Program Files\OpenLogic\jdk-17.0.14.7-hotspot\bin;C:\Program Files\Eclipse Adoptium\jdk-21.0.6.7-hotspot\bin;C:\Program Files\PlasticSCM5\server;C:\Program Files\PlasticSCM5\client;C:\Program Files (x86)\Common Files\Oracle\Java\javapath;C:\Windows\system32;C:\Windows;C:\Windows\System32\Wbem;C:\Windows\System32\WindowsPowerShell\v1.0\;C:\Windows\System32\OpenSSH\;C:\msys64\mingw64\bin;C:\Program Files (x86)\NVIDIA Corporation\PhysX\Common;C:\Program Files\NVIDIA Corporation\NVIDIA NvDLISR;C:\Users\huynh\AppData\Local\Microsoft\WindowsApps;C:\adb;C:\Program Files (x86)\Windows Kits\10\Windows Performance Toolkit\;C:\Program Files\dotnet\;C:\Program Files (x86)\Microsoft SQL Server\160\Tools\Binn\;C:\Program Files\Microsoft SQL Server\160\Tools\Binn\;C:\Program Files\Microsoft SQL Server\Client SDK\ODBC\170\Tools\Binn\;C:\Program Files\Microsoft SQL Server\160\DTS\Binn\;C:\Program Files\Git\cmd;C:\WINDOWS\system32;C:\WINDOWS;C:\WINDOWS\System32\Wbem;C:\WINDOWS\System32\WindowsPowerShell\v1.0\;C:\WINDOWS\System32\OpenSSH\;C:\Program Files\Cloudflare\Cloudflare WARP\;C:\Program Files\Docker\Docker\resources\bin;C:\Program Files (x86)\cloudflared\;E:\Program Files\nodejs\;C:\Program Files\cursor\resources\app\bin;C:\Users\huynh\AppData\Local\Programs\Python\Python310\Scripts\;C:\Users\huynh\AppData\Local\Programs\Python\Python310\;C:\Program Files\OpenLogic\jdk-17.0.14.7-hotspot\bin;C:\Program Files\Eclipse Adoptium\jdk-21.0.6.7-hotspot\bin;C:\Program Files\PlasticSCM5\server;C:\Program Files\PlasticSCM5\client;C:\Program Files (x86)\Common Files\Oracle\Java\javapath;C:\Windows;C:\msys64\mingw64\bin;C:\Users\huynh\AppData\Local\Microsoft\WindowsApps;C:\adb;C:\Program Files (x86)\Windows Kits\10\Windows Performance Toolkit\;C:\Program Files\dotnet\;C:\Program Files (x86)\Microsoft SQL Server\160\Tools\Binn\;C:\Program Files\Microsoft SQL Server\160\Tools\Binn\;C:\Program Files\Microsoft SQL Server\Client SDK\ODBC\170\Tools\Binn\;C:\Program Files\Microsoft SQL Server\160\DTS\Binn\;C:\Program Files\Git\cmd;C:\flutter\bin;C:\Users\huynh\AppData\Local\Programs\MiKTeX\miktex\bin\x64;C:\Users\huynh\AppData\Local\Programs\Python\Python310;D:\ngrok-v3-stable-windows-amd64;C:\Users\huynh\AppData\Local\Programs\Microsoft VS Code\bin;C:\Users\huynh\AppData\Local\Pub\Cache\bin;C:\Users\huynh\AppData\Local\GitHubDesktop\bin;C:\platform-tools-latest-windows\platform-tools;D:\payload-dumper-go_1.3.0_windows_amd64;D:\Program Files\JetBrains\WebStorm 2025.1.3\bin;;C:\Program Files\MongoDB\Server\8.0\bin;C:\Users\huynh\AppData\Roaming\npm;C:\Users\huynh\AppData\Local\Programs\Antigravity\bin;C:\Users\huynh\.dotnet\tools
USERNAME=huynh
OS=Windows_NT
PROCESSOR_IDENTIFIER=Intel64 Family 6 Model 165 Stepping 2, GenuineIntel
TMP=C:\Temp
TEMP=C:\Temp




Periodic native trim disabled

---------------  S Y S T E M  ---------------

OS:
 Windows 11 , 64 bit Build 26100 (10.0.26100.7019)
OS uptime: 1 days 14:40 hours
Hyper-V role detected

CPU: total 8 (initial active 8) (4 cores per cpu, 2 threads per core) family 6 model 165 stepping 2 microcode 0xe0, cx8, cmov, fxsr, ht, mmx, 3dnowpref, sse, sse2, sse3, ssse3, sse4.1, sse4.2, popcnt, lzcnt, tsc, tscinvbit, avx, avx2, aes, erms, clmul, bmi1, bmi2, adx, fma, vzeroupper, clflush, clflushopt, hv, rdtscp, f16c
Processor Information for the first 8 processors :
  Max Mhz: 2496, Current Mhz: 2496, Mhz Limit: 2496

Memory: 4k page, system-wide physical 16220M (1361M free)
TotalPageFile size 20316M (AvailPageFile size 4M)
current process WorkingSet (physical memory assigned to process): 205M, peak: 205M
current process commit charge ("private bytes"): 326M, peak: 326M

vm_info: OpenJDK 64-Bit Server VM (21.0.9+10-LTS) for windows-amd64 JRE (21.0.9+10-LTS), built on 2025-10-21T00:00:00Z by "admin" with unknown MS VC++:1942

END.
